Archive member included because of file (symbol)

c:/user files-main/eclipse/avr8-gnu-toolchain/avr8-gnu-toolchain/bin/../lib/gcc/avr/4.8.1/../../../../avr/lib/avr51\libprintf_flt.a(vfprintf_flt.o)
                              (vfprintf)
c:/user files-main/eclipse/avr8-gnu-toolchain/avr8-gnu-toolchain/bin/../lib/gcc/avr/4.8.1/avr51\libgcc.a(_divmodhi4.o)
                              ./Source/ds18_h/ds18x20.o (__divmodhi4)
c:/user files-main/eclipse/avr8-gnu-toolchain/avr8-gnu-toolchain/bin/../lib/gcc/avr/4.8.1/avr51\libgcc.a(_exit.o)
                              c:/user files-main/eclipse/avr8-gnu-toolchain/avr8-gnu-toolchain/bin/../lib/gcc/avr/4.8.1/../../../../avr/lib/avr51/crtm128.o (exit)
c:/user files-main/eclipse/avr8-gnu-toolchain/avr8-gnu-toolchain/bin/../lib/gcc/avr/4.8.1/avr51\libgcc.a(_copy_data.o)
                              ./Source/main.o (__do_copy_data)
c:/user files-main/eclipse/avr8-gnu-toolchain/avr8-gnu-toolchain/bin/../lib/gcc/avr/4.8.1/avr51\libgcc.a(_clear_bss.o)
                              ./Source/main.o (__do_clear_bss)
c:/user files-main/eclipse/avr8-gnu-toolchain/avr8-gnu-toolchain/bin/../lib/gcc/avr/4.8.1/avr51\libgcc.a(_umulhisi3.o)
                              ./Source/ds18_h/ds18x20.o (__umulhisi3)
c:/user files-main/eclipse/avr8-gnu-toolchain/avr8-gnu-toolchain/bin/../lib/gcc/avr/4.8.1/avr51\libgcc.a(_udivmodhi4.o)
                              c:/user files-main/eclipse/avr8-gnu-toolchain/avr8-gnu-toolchain/bin/../lib/gcc/avr/4.8.1/avr51\libgcc.a(_divmodhi4.o) (__udivmodhi4)
c:/user files-main/eclipse/avr8-gnu-toolchain/avr8-gnu-toolchain/bin/../lib/gcc/avr/4.8.1/../../../../avr/lib/avr51\libm.a(floatsisf.o)
                              ./Source/main.o (__floatsisf)
c:/user files-main/eclipse/avr8-gnu-toolchain/avr8-gnu-toolchain/bin/../lib/gcc/avr/4.8.1/../../../../avr/lib/avr51\libm.a(mulsf3.o)
                              ./Source/main.o (__mulsf3)
c:/user files-main/eclipse/avr8-gnu-toolchain/avr8-gnu-toolchain/bin/../lib/gcc/avr/4.8.1/../../../../avr/lib/avr51\libm.a(mulsf3x.o)
                              c:/user files-main/eclipse/avr8-gnu-toolchain/avr8-gnu-toolchain/bin/../lib/gcc/avr/4.8.1/../../../../avr/lib/avr51\libm.a(mulsf3.o) (__mulsf3x)
c:/user files-main/eclipse/avr8-gnu-toolchain/avr8-gnu-toolchain/bin/../lib/gcc/avr/4.8.1/../../../../avr/lib/avr51\libm.a(fp_inf.o)
                              c:/user files-main/eclipse/avr8-gnu-toolchain/avr8-gnu-toolchain/bin/../lib/gcc/avr/4.8.1/../../../../avr/lib/avr51\libm.a(mulsf3x.o) (__fp_inf)
c:/user files-main/eclipse/avr8-gnu-toolchain/avr8-gnu-toolchain/bin/../lib/gcc/avr/4.8.1/../../../../avr/lib/avr51\libm.a(fp_nan.o)
                              c:/user files-main/eclipse/avr8-gnu-toolchain/avr8-gnu-toolchain/bin/../lib/gcc/avr/4.8.1/../../../../avr/lib/avr51\libm.a(mulsf3x.o) (__fp_nan)
c:/user files-main/eclipse/avr8-gnu-toolchain/avr8-gnu-toolchain/bin/../lib/gcc/avr/4.8.1/../../../../avr/lib/avr51\libm.a(fp_pscA.o)
                              c:/user files-main/eclipse/avr8-gnu-toolchain/avr8-gnu-toolchain/bin/../lib/gcc/avr/4.8.1/../../../../avr/lib/avr51\libm.a(mulsf3x.o) (__fp_pscA)
c:/user files-main/eclipse/avr8-gnu-toolchain/avr8-gnu-toolchain/bin/../lib/gcc/avr/4.8.1/../../../../avr/lib/avr51\libm.a(fp_pscB.o)
                              c:/user files-main/eclipse/avr8-gnu-toolchain/avr8-gnu-toolchain/bin/../lib/gcc/avr/4.8.1/../../../../avr/lib/avr51\libm.a(mulsf3x.o) (__fp_pscB)
c:/user files-main/eclipse/avr8-gnu-toolchain/avr8-gnu-toolchain/bin/../lib/gcc/avr/4.8.1/../../../../avr/lib/avr51\libm.a(fp_round.o)
                              c:/user files-main/eclipse/avr8-gnu-toolchain/avr8-gnu-toolchain/bin/../lib/gcc/avr/4.8.1/../../../../avr/lib/avr51\libm.a(mulsf3.o) (__fp_round)
c:/user files-main/eclipse/avr8-gnu-toolchain/avr8-gnu-toolchain/bin/../lib/gcc/avr/4.8.1/../../../../avr/lib/avr51\libm.a(fp_split3.o)
                              c:/user files-main/eclipse/avr8-gnu-toolchain/avr8-gnu-toolchain/bin/../lib/gcc/avr/4.8.1/../../../../avr/lib/avr51\libm.a(mulsf3x.o) (__fp_split3)
c:/user files-main/eclipse/avr8-gnu-toolchain/avr8-gnu-toolchain/bin/../lib/gcc/avr/4.8.1/../../../../avr/lib/avr51\libm.a(fp_zero.o)
                              c:/user files-main/eclipse/avr8-gnu-toolchain/avr8-gnu-toolchain/bin/../lib/gcc/avr/4.8.1/../../../../avr/lib/avr51\libm.a(mulsf3x.o) (__fp_szero)
c:/user files-main/eclipse/avr8-gnu-toolchain/avr8-gnu-toolchain/bin/../lib/gcc/avr/4.8.1/../../../../avr/lib/avr51\libc.a(ftoa_engine.o)
                              c:/user files-main/eclipse/avr8-gnu-toolchain/avr8-gnu-toolchain/bin/../lib/gcc/avr/4.8.1/../../../../avr/lib/avr51\libprintf_flt.a(vfprintf_flt.o) (__ftoa_engine)
c:/user files-main/eclipse/avr8-gnu-toolchain/avr8-gnu-toolchain/bin/../lib/gcc/avr/4.8.1/../../../../avr/lib/avr51\libc.a(strnlen_P.o)
                              c:/user files-main/eclipse/avr8-gnu-toolchain/avr8-gnu-toolchain/bin/../lib/gcc/avr/4.8.1/../../../../avr/lib/avr51\libprintf_flt.a(vfprintf_flt.o) (strnlen_P)
c:/user files-main/eclipse/avr8-gnu-toolchain/avr8-gnu-toolchain/bin/../lib/gcc/avr/4.8.1/../../../../avr/lib/avr51\libc.a(strnlen.o)
                              c:/user files-main/eclipse/avr8-gnu-toolchain/avr8-gnu-toolchain/bin/../lib/gcc/avr/4.8.1/../../../../avr/lib/avr51\libprintf_flt.a(vfprintf_flt.o) (strnlen)
c:/user files-main/eclipse/avr8-gnu-toolchain/avr8-gnu-toolchain/bin/../lib/gcc/avr/4.8.1/../../../../avr/lib/avr51\libc.a(fputc.o)
                              c:/user files-main/eclipse/avr8-gnu-toolchain/avr8-gnu-toolchain/bin/../lib/gcc/avr/4.8.1/../../../../avr/lib/avr51\libprintf_flt.a(vfprintf_flt.o) (fputc)
c:/user files-main/eclipse/avr8-gnu-toolchain/avr8-gnu-toolchain/bin/../lib/gcc/avr/4.8.1/../../../../avr/lib/avr51\libc.a(iob.o)
                              ./Source/main.o (__iob)
c:/user files-main/eclipse/avr8-gnu-toolchain/avr8-gnu-toolchain/bin/../lib/gcc/avr/4.8.1/../../../../avr/lib/avr51\libc.a(printf.o)
                              ./Source/main.o (printf)
c:/user files-main/eclipse/avr8-gnu-toolchain/avr8-gnu-toolchain/bin/../lib/gcc/avr/4.8.1/../../../../avr/lib/avr51\libc.a(puts.o)
                              ./Source/main.o (puts)
c:/user files-main/eclipse/avr8-gnu-toolchain/avr8-gnu-toolchain/bin/../lib/gcc/avr/4.8.1/../../../../avr/lib/avr51\libc.a(ultoa_invert.o)
                              c:/user files-main/eclipse/avr8-gnu-toolchain/avr8-gnu-toolchain/bin/../lib/gcc/avr/4.8.1/../../../../avr/lib/avr51\libprintf_flt.a(vfprintf_flt.o) (__ultoa_invert)

Allocating common symbols
Common symbol       size              file

gSensorIDs          0x8               ./Source/main.o
__iob               0x6               c:/user files-main/eclipse/avr8-gnu-toolchain/avr8-gnu-toolchain/bin/../lib/gcc/avr/4.8.1/../../../../avr/lib/avr51\libc.a(iob.o)

Memory Configuration

Name             Origin             Length             Attributes
text             0x00000000         0x00020000         xr
data             0x00800100         0x0000ff00         rw !x
eeprom           0x00810000         0x00010000         rw !x
fuse             0x00820000         0x00000400         rw !x
lock             0x00830000         0x00000400         rw !x
signature        0x00840000         0x00000400         rw !x
user_signatures  0x00850000         0x00000400         rw !x
*default*        0x00000000         0xffffffff

Linker script and memory map

Address of section .data set to 0x800100
LOAD c:/user files-main/eclipse/avr8-gnu-toolchain/avr8-gnu-toolchain/bin/../lib/gcc/avr/4.8.1/../../../../avr/lib/avr51/crtm128.o
LOAD c:/user files-main/eclipse/avr8-gnu-toolchain/avr8-gnu-toolchain/bin/../lib/gcc/avr/4.8.1/../../../../avr/lib/avr51\libprintf_flt.a
LOAD c:/user files-main/eclipse/avr8-gnu-toolchain/avr8-gnu-toolchain/bin/../lib/gcc/avr/4.8.1/../../../../avr/lib/avr51\libm.a
LOAD ./Source/ds18_h/ds18x20.o
LOAD ./Source/1wire_h/crc8.o
LOAD ./Source/1wire_h/onewire.o
LOAD ./Source/main.o
LOAD ./Source/uart.o
START GROUP
LOAD c:/user files-main/eclipse/avr8-gnu-toolchain/avr8-gnu-toolchain/bin/../lib/gcc/avr/4.8.1/avr51\libgcc.a
LOAD c:/user files-main/eclipse/avr8-gnu-toolchain/avr8-gnu-toolchain/bin/../lib/gcc/avr/4.8.1/../../../../avr/lib/avr51\libm.a
LOAD c:/user files-main/eclipse/avr8-gnu-toolchain/avr8-gnu-toolchain/bin/../lib/gcc/avr/4.8.1/../../../../avr/lib/avr51\libc.a
END GROUP

.hash
 *(.hash)

.dynsym
 *(.dynsym)

.dynstr
 *(.dynstr)

.gnu.version
 *(.gnu.version)

.gnu.version_d
 *(.gnu.version_d)

.gnu.version_r
 *(.gnu.version_r)

.rel.init
 *(.rel.init)

.rela.init
 *(.rela.init)

.rel.text
 *(.rel.text)
 *(.rel.text.*)
 *(.rel.gnu.linkonce.t*)

.rela.text
 *(.rela.text)
 *(.rela.text.*)
 *(.rela.gnu.linkonce.t*)

.rel.fini
 *(.rel.fini)

.rela.fini
 *(.rela.fini)

.rel.rodata
 *(.rel.rodata)
 *(.rel.rodata.*)
 *(.rel.gnu.linkonce.r*)

.rela.rodata
 *(.rela.rodata)
 *(.rela.rodata.*)
 *(.rela.gnu.linkonce.r*)

.rel.data
 *(.rel.data)
 *(.rel.data.*)
 *(.rel.gnu.linkonce.d*)

.rela.data
 *(.rela.data)
 *(.rela.data.*)
 *(.rela.gnu.linkonce.d*)

.rel.ctors
 *(.rel.ctors)

.rela.ctors
 *(.rela.ctors)

.rel.dtors
 *(.rel.dtors)

.rela.dtors
 *(.rela.dtors)

.rel.got
 *(.rel.got)

.rela.got
 *(.rela.got)

.rel.bss
 *(.rel.bss)

.rela.bss
 *(.rela.bss)

.rel.plt
 *(.rel.plt)

.rela.plt
 *(.rela.plt)

.text           0x00000000     0x1852
 *(.vectors)
 .vectors       0x00000000       0x8c c:/user files-main/eclipse/avr8-gnu-toolchain/avr8-gnu-toolchain/bin/../lib/gcc/avr/4.8.1/../../../../avr/lib/avr51/crtm128.o
                0x00000000                __vector_default
                0x00000000                __vectors
 *(.vectors)
 *(.progmem.gcc*)
                0x0000008c                . = ALIGN (0x2)
                0x0000008c                __trampolines_start = .
 *(.trampolines)
 .trampolines   0x0000008c        0x0 linker stubs
 *(.trampolines*)
                0x0000008c                __trampolines_end = .
 *(.progmem*)
 .progmem.data  0x0000008c        0x8 c:/user files-main/eclipse/avr8-gnu-toolchain/avr8-gnu-toolchain/bin/../lib/gcc/avr/4.8.1/../../../../avr/lib/avr51\libprintf_flt.a(vfprintf_flt.o)
 .progmem.data  0x00000094       0xfa c:/user files-main/eclipse/avr8-gnu-toolchain/avr8-gnu-toolchain/bin/../lib/gcc/avr/4.8.1/../../../../avr/lib/avr51\libc.a(ftoa_engine.o)
                0x0000018e                . = ALIGN (0x2)
 *(.jumptables)
 *(.jumptables*)
 *(.lowtext)
 *(.lowtext*)
                0x0000018e                __ctors_start = .
 *(.ctors)
                0x0000018e                __ctors_end = .
                0x0000018e                __dtors_start = .
 *(.dtors)
                0x0000018e                __dtors_end = .
 SORT(*)(.ctors)
 SORT(*)(.dtors)
 *(.init0)
 .init0         0x0000018e        0x0 c:/user files-main/eclipse/avr8-gnu-toolchain/avr8-gnu-toolchain/bin/../lib/gcc/avr/4.8.1/../../../../avr/lib/avr51/crtm128.o
                0x0000018e                __init
 *(.init0)
 *(.init1)
 *(.init1)
 *(.init2)
 .init2         0x0000018e        0xc c:/user files-main/eclipse/avr8-gnu-toolchain/avr8-gnu-toolchain/bin/../lib/gcc/avr/4.8.1/../../../../avr/lib/avr51/crtm128.o
 *(.init2)
 *(.init3)
 *(.init3)
 *(.init4)
 .init4         0x0000019a       0x1a c:/user files-main/eclipse/avr8-gnu-toolchain/avr8-gnu-toolchain/bin/../lib/gcc/avr/4.8.1/avr51\libgcc.a(_copy_data.o)
                0x0000019a                __do_copy_data
 .init4         0x000001b4       0x10 c:/user files-main/eclipse/avr8-gnu-toolchain/avr8-gnu-toolchain/bin/../lib/gcc/avr/4.8.1/avr51\libgcc.a(_clear_bss.o)
                0x000001b4                __do_clear_bss
 *(.init4)
 *(.init5)
 *(.init5)
 *(.init6)
 *(.init6)
 *(.init7)
 *(.init7)
 *(.init8)
 *(.init8)
 *(.init9)
 .init9         0x000001c4        0x8 c:/user files-main/eclipse/avr8-gnu-toolchain/avr8-gnu-toolchain/bin/../lib/gcc/avr/4.8.1/../../../../avr/lib/avr51/crtm128.o
 *(.init9)
 *(.text)
 .text          0x000001cc        0x4 c:/user files-main/eclipse/avr8-gnu-toolchain/avr8-gnu-toolchain/bin/../lib/gcc/avr/4.8.1/../../../../avr/lib/avr51/crtm128.o
                0x000001cc                __vector_22
                0x000001cc                __vector_28
                0x000001cc                __vector_1
                0x000001cc                __vector_32
                0x000001cc                __vector_34
                0x000001cc                __vector_24
                0x000001cc                __vector_12
                0x000001cc                __bad_interrupt
                0x000001cc                __vector_6
                0x000001cc                __vector_31
                0x000001cc                __vector_3
                0x000001cc                __vector_23
                0x000001cc                __vector_30
                0x000001cc                __vector_25
                0x000001cc                __vector_11
                0x000001cc                __vector_13
                0x000001cc                __vector_17
                0x000001cc                __vector_19
                0x000001cc                __vector_7
                0x000001cc                __vector_27
                0x000001cc                __vector_5
                0x000001cc                __vector_33
                0x000001cc                __vector_4
                0x000001cc                __vector_9
                0x000001cc                __vector_2
                0x000001cc                __vector_21
                0x000001cc                __vector_15
                0x000001cc                __vector_29
                0x000001cc                __vector_8
                0x000001cc                __vector_26
                0x000001cc                __vector_14
                0x000001cc                __vector_10
                0x000001cc                __vector_16
                0x000001cc                __vector_18
                0x000001cc                __vector_20
 .text          0x000001d0        0x0 c:/user files-main/eclipse/avr8-gnu-toolchain/avr8-gnu-toolchain/bin/../lib/gcc/avr/4.8.1/../../../../avr/lib/avr51\libprintf_flt.a(vfprintf_flt.o)
 .text          0x000001d0        0x0 ./Source/ds18_h/ds18x20.o
 .text          0x000001d0        0x0 ./Source/1wire_h/crc8.o
 .text          0x000001d0        0x0 ./Source/1wire_h/onewire.o
 .text          0x000001d0        0x0 ./Source/main.o
 .text          0x000001d0        0x0 ./Source/uart.o
 .text          0x000001d0        0x0 c:/user files-main/eclipse/avr8-gnu-toolchain/avr8-gnu-toolchain/bin/../lib/gcc/avr/4.8.1/avr51\libgcc.a(_divmodhi4.o)
 .text          0x000001d0        0x0 c:/user files-main/eclipse/avr8-gnu-toolchain/avr8-gnu-toolchain/bin/../lib/gcc/avr/4.8.1/avr51\libgcc.a(_exit.o)
 .text          0x000001d0        0x0 c:/user files-main/eclipse/avr8-gnu-toolchain/avr8-gnu-toolchain/bin/../lib/gcc/avr/4.8.1/avr51\libgcc.a(_copy_data.o)
 .text          0x000001d0        0x0 c:/user files-main/eclipse/avr8-gnu-toolchain/avr8-gnu-toolchain/bin/../lib/gcc/avr/4.8.1/avr51\libgcc.a(_clear_bss.o)
 .text          0x000001d0        0x0 c:/user files-main/eclipse/avr8-gnu-toolchain/avr8-gnu-toolchain/bin/../lib/gcc/avr/4.8.1/avr51\libgcc.a(_umulhisi3.o)
 .text          0x000001d0        0x0 c:/user files-main/eclipse/avr8-gnu-toolchain/avr8-gnu-toolchain/bin/../lib/gcc/avr/4.8.1/avr51\libgcc.a(_udivmodhi4.o)
 .text          0x000001d0        0x0 c:/user files-main/eclipse/avr8-gnu-toolchain/avr8-gnu-toolchain/bin/../lib/gcc/avr/4.8.1/../../../../avr/lib/avr51\libm.a(floatsisf.o)
 .text          0x000001d0        0x0 c:/user files-main/eclipse/avr8-gnu-toolchain/avr8-gnu-toolchain/bin/../lib/gcc/avr/4.8.1/../../../../avr/lib/avr51\libm.a(mulsf3.o)
 .text          0x000001d0        0x0 c:/user files-main/eclipse/avr8-gnu-toolchain/avr8-gnu-toolchain/bin/../lib/gcc/avr/4.8.1/../../../../avr/lib/avr51\libm.a(mulsf3x.o)
 .text          0x000001d0        0x0 c:/user files-main/eclipse/avr8-gnu-toolchain/avr8-gnu-toolchain/bin/../lib/gcc/avr/4.8.1/../../../../avr/lib/avr51\libm.a(fp_inf.o)
 .text          0x000001d0        0x0 c:/user files-main/eclipse/avr8-gnu-toolchain/avr8-gnu-toolchain/bin/../lib/gcc/avr/4.8.1/../../../../avr/lib/avr51\libm.a(fp_nan.o)
 .text          0x000001d0        0x0 c:/user files-main/eclipse/avr8-gnu-toolchain/avr8-gnu-toolchain/bin/../lib/gcc/avr/4.8.1/../../../../avr/lib/avr51\libm.a(fp_pscA.o)
 .text          0x000001d0        0x0 c:/user files-main/eclipse/avr8-gnu-toolchain/avr8-gnu-toolchain/bin/../lib/gcc/avr/4.8.1/../../../../avr/lib/avr51\libm.a(fp_pscB.o)
 .text          0x000001d0        0x0 c:/user files-main/eclipse/avr8-gnu-toolchain/avr8-gnu-toolchain/bin/../lib/gcc/avr/4.8.1/../../../../avr/lib/avr51\libm.a(fp_round.o)
 .text          0x000001d0        0x0 c:/user files-main/eclipse/avr8-gnu-toolchain/avr8-gnu-toolchain/bin/../lib/gcc/avr/4.8.1/../../../../avr/lib/avr51\libm.a(fp_split3.o)
 .text          0x000001d0        0x0 c:/user files-main/eclipse/avr8-gnu-toolchain/avr8-gnu-toolchain/bin/../lib/gcc/avr/4.8.1/../../../../avr/lib/avr51\libm.a(fp_zero.o)
 .text          0x000001d0        0x0 c:/user files-main/eclipse/avr8-gnu-toolchain/avr8-gnu-toolchain/bin/../lib/gcc/avr/4.8.1/../../../../avr/lib/avr51\libc.a(ftoa_engine.o)
 .text          0x000001d0        0x0 c:/user files-main/eclipse/avr8-gnu-toolchain/avr8-gnu-toolchain/bin/../lib/gcc/avr/4.8.1/../../../../avr/lib/avr51\libc.a(strnlen_P.o)
 .text          0x000001d0        0x0 c:/user files-main/eclipse/avr8-gnu-toolchain/avr8-gnu-toolchain/bin/../lib/gcc/avr/4.8.1/../../../../avr/lib/avr51\libc.a(strnlen.o)
 .text          0x000001d0        0x0 c:/user files-main/eclipse/avr8-gnu-toolchain/avr8-gnu-toolchain/bin/../lib/gcc/avr/4.8.1/../../../../avr/lib/avr51\libc.a(fputc.o)
 .text          0x000001d0        0x0 c:/user files-main/eclipse/avr8-gnu-toolchain/avr8-gnu-toolchain/bin/../lib/gcc/avr/4.8.1/../../../../avr/lib/avr51\libc.a(iob.o)
 .text          0x000001d0        0x0 c:/user files-main/eclipse/avr8-gnu-toolchain/avr8-gnu-toolchain/bin/../lib/gcc/avr/4.8.1/../../../../avr/lib/avr51\libc.a(printf.o)
 .text          0x000001d0        0x0 c:/user files-main/eclipse/avr8-gnu-toolchain/avr8-gnu-toolchain/bin/../lib/gcc/avr/4.8.1/../../../../avr/lib/avr51\libc.a(puts.o)
 .text          0x000001d0        0x0 c:/user files-main/eclipse/avr8-gnu-toolchain/avr8-gnu-toolchain/bin/../lib/gcc/avr/4.8.1/../../../../avr/lib/avr51\libc.a(ultoa_invert.o)
                0x000001d0                . = ALIGN (0x2)
 *(.text.*)
 .text.avr-libc
                0x000001d0      0x748 c:/user files-main/eclipse/avr8-gnu-toolchain/avr8-gnu-toolchain/bin/../lib/gcc/avr/4.8.1/../../../../avr/lib/avr51\libprintf_flt.a(vfprintf_flt.o)
                0x000001d0                vfprintf
 .text.DS18X20_raw_to_decicelsius
                0x00000918       0xc2 ./Source/ds18_h/ds18x20.o
 .text.read_scratchpad.constprop.0
                0x000009da       0x48 ./Source/ds18_h/ds18x20.o
 .text.DS18X20_find_sensor
                0x00000a22       0x3e ./Source/ds18_h/ds18x20.o
                0x00000a22                DS18X20_find_sensor
 .text.DS18X20_get_power_status
                0x00000a60       0x2c ./Source/ds18_h/ds18x20.o
                0x00000a60                DS18X20_get_power_status
 .text.DS18X20_start_meas
                0x00000a8c       0x44 ./Source/ds18_h/ds18x20.o
                0x00000a8c                DS18X20_start_meas
 .text.DS18X20_conversion_in_progress
                0x00000ad0       0x10 ./Source/ds18_h/ds18x20.o
                0x00000ad0                DS18X20_conversion_in_progress
 .text.DS18X20_format_from_decicelsius
                0x00000ae0      0x100 ./Source/ds18_h/ds18x20.o
                0x00000ae0                DS18X20_format_from_decicelsius
 .text.DS18X20_read_decicelsius
                0x00000be0       0x6a ./Source/ds18_h/ds18x20.o
                0x00000be0                DS18X20_read_decicelsius
 .text.DS18X20_read_decicelsius_single
                0x00000c4a       0x62 ./Source/ds18_h/ds18x20.o
                0x00000c4a                DS18X20_read_decicelsius_single
 .text.DS18X20_read_maxres
                0x00000cac      0x108 ./Source/ds18_h/ds18x20.o
                0x00000cac                DS18X20_read_maxres
 .text.DS18X20_write_scratchpad
                0x00000db4       0x56 ./Source/ds18_h/ds18x20.o
                0x00000db4                DS18X20_write_scratchpad
 .text.DS18X20_set_resolution
                0x00000e0a        0xc ./Source/ds18_h/ds18x20.o
                0x00000e0a                DS18X20_set_resolution
 .text.crc8     0x00000e16       0x32 ./Source/1wire_h/crc8.o
                0x00000e16                crc8
 .text.ow_input_pin_state
                0x00000e48        0x6 ./Source/1wire_h/onewire.o
                0x00000e48                ow_input_pin_state
 .text.ow_parasite_enable
                0x00000e4e        0x6 ./Source/1wire_h/onewire.o
                0x00000e4e                ow_parasite_enable
 .text.ow_bit_io_intern
                0x00000e54       0x48 ./Source/1wire_h/onewire.o
 .text.ow_parasite_disable
                0x00000e9c        0x6 ./Source/1wire_h/onewire.o
                0x00000e9c                ow_parasite_disable
 .text.ow_reset
                0x00000ea2       0x3a ./Source/1wire_h/onewire.o
                0x00000ea2                ow_reset
 .text.ow_bit_io
                0x00000edc        0x8 ./Source/1wire_h/onewire.o
                0x00000edc                ow_bit_io
 .text.ow_byte_wr
                0x00000ee4       0x22 ./Source/1wire_h/onewire.o
                0x00000ee4                ow_byte_wr
 .text.ow_byte_wr_with_parasite_enable
                0x00000f06       0x2c ./Source/1wire_h/onewire.o
                0x00000f06                ow_byte_wr_with_parasite_enable
 .text.ow_command_intern
                0x00000f32       0x60 ./Source/1wire_h/onewire.o
 .text.ow_byte_rd
                0x00000f92        0x6 ./Source/1wire_h/onewire.o
                0x00000f92                ow_byte_rd
 .text.ow_rom_search
                0x00000f98       0x8e ./Source/1wire_h/onewire.o
                0x00000f98                ow_rom_search
 .text.ow_command
                0x00001026        0x6 ./Source/1wire_h/onewire.o
                0x00001026                ow_command
 .text.ow_command_with_parasite_enable
                0x0000102c        0x6 ./Source/1wire_h/onewire.o
                0x0000102c                ow_command_with_parasite_enable
 .text.uart_putchar
                0x00001032        0xa ./Source/main.o
 .text.print_address
                0x0000103c       0x50 ./Source/main.o
                0x0000103c                print_address
 .text.startup.main
                0x0000108c      0x1d4 ./Source/main.o
                0x0000108c                main
 .text.uart_init
                0x00001260       0x14 ./Source/uart.o
                0x00001260                uart_init
 .text.uart_receive
                0x00001274        0x8 ./Source/uart.o
                0x00001274                uart_receive
 .text.uart_transmitt
                0x0000127c        0x8 ./Source/uart.o
                0x0000127c                uart_transmitt
 .text.libgcc.mul
                0x00001284        0x0 c:/user files-main/eclipse/avr8-gnu-toolchain/avr8-gnu-toolchain/bin/../lib/gcc/avr/4.8.1/avr51\libgcc.a(_divmodhi4.o)
 .text.libgcc.div
                0x00001284       0x28 c:/user files-main/eclipse/avr8-gnu-toolchain/avr8-gnu-toolchain/bin/../lib/gcc/avr/4.8.1/avr51\libgcc.a(_divmodhi4.o)
                0x00001284                _div
                0x00001284                __divmodhi4
 .text.libgcc   0x000012ac        0x0 c:/user files-main/eclipse/avr8-gnu-toolchain/avr8-gnu-toolchain/bin/../lib/gcc/avr/4.8.1/avr51\libgcc.a(_divmodhi4.o)
 .text.libgcc.prologue
                0x000012ac        0x0 c:/user files-main/eclipse/avr8-gnu-toolchain/avr8-gnu-toolchain/bin/../lib/gcc/avr/4.8.1/avr51\libgcc.a(_divmodhi4.o)
 .text.libgcc.builtins
                0x000012ac        0x0 c:/user files-main/eclipse/avr8-gnu-toolchain/avr8-gnu-toolchain/bin/../lib/gcc/avr/4.8.1/avr51\libgcc.a(_divmodhi4.o)
 .text.libgcc.fmul
                0x000012ac        0x0 c:/user files-main/eclipse/avr8-gnu-toolchain/avr8-gnu-toolchain/bin/../lib/gcc/avr/4.8.1/avr51\libgcc.a(_divmodhi4.o)
 .text.libgcc.fixed
                0x000012ac        0x0 c:/user files-main/eclipse/avr8-gnu-toolchain/avr8-gnu-toolchain/bin/../lib/gcc/avr/4.8.1/avr51\libgcc.a(_divmodhi4.o)
 .text.libgcc.mul
                0x000012ac        0x0 c:/user files-main/eclipse/avr8-gnu-toolchain/avr8-gnu-toolchain/bin/../lib/gcc/avr/4.8.1/avr51\libgcc.a(_exit.o)
 .text.libgcc.div
                0x000012ac        0x0 c:/user files-main/eclipse/avr8-gnu-toolchain/avr8-gnu-toolchain/bin/../lib/gcc/avr/4.8.1/avr51\libgcc.a(_exit.o)
 .text.libgcc   0x000012ac        0x0 c:/user files-main/eclipse/avr8-gnu-toolchain/avr8-gnu-toolchain/bin/../lib/gcc/avr/4.8.1/avr51\libgcc.a(_exit.o)
 .text.libgcc.prologue
                0x000012ac        0x0 c:/user files-main/eclipse/avr8-gnu-toolchain/avr8-gnu-toolchain/bin/../lib/gcc/avr/4.8.1/avr51\libgcc.a(_exit.o)
 .text.libgcc.builtins
                0x000012ac        0x0 c:/user files-main/eclipse/avr8-gnu-toolchain/avr8-gnu-toolchain/bin/../lib/gcc/avr/4.8.1/avr51\libgcc.a(_exit.o)
 .text.libgcc.fmul
                0x000012ac        0x0 c:/user files-main/eclipse/avr8-gnu-toolchain/avr8-gnu-toolchain/bin/../lib/gcc/avr/4.8.1/avr51\libgcc.a(_exit.o)
 .text.libgcc.fixed
                0x000012ac        0x0 c:/user files-main/eclipse/avr8-gnu-toolchain/avr8-gnu-toolchain/bin/../lib/gcc/avr/4.8.1/avr51\libgcc.a(_exit.o)
 .text.libgcc.mul
                0x000012ac        0x0 c:/user files-main/eclipse/avr8-gnu-toolchain/avr8-gnu-toolchain/bin/../lib/gcc/avr/4.8.1/avr51\libgcc.a(_copy_data.o)
 .text.libgcc.div
                0x000012ac        0x0 c:/user files-main/eclipse/avr8-gnu-toolchain/avr8-gnu-toolchain/bin/../lib/gcc/avr/4.8.1/avr51\libgcc.a(_copy_data.o)
 .text.libgcc   0x000012ac        0x0 c:/user files-main/eclipse/avr8-gnu-toolchain/avr8-gnu-toolchain/bin/../lib/gcc/avr/4.8.1/avr51\libgcc.a(_copy_data.o)
 .text.libgcc.prologue
                0x000012ac        0x0 c:/user files-main/eclipse/avr8-gnu-toolchain/avr8-gnu-toolchain/bin/../lib/gcc/avr/4.8.1/avr51\libgcc.a(_copy_data.o)
 .text.libgcc.builtins
                0x000012ac        0x0 c:/user files-main/eclipse/avr8-gnu-toolchain/avr8-gnu-toolchain/bin/../lib/gcc/avr/4.8.1/avr51\libgcc.a(_copy_data.o)
 .text.libgcc.fmul
                0x000012ac        0x0 c:/user files-main/eclipse/avr8-gnu-toolchain/avr8-gnu-toolchain/bin/../lib/gcc/avr/4.8.1/avr51\libgcc.a(_copy_data.o)
 .text.libgcc.fixed
                0x000012ac        0x0 c:/user files-main/eclipse/avr8-gnu-toolchain/avr8-gnu-toolchain/bin/../lib/gcc/avr/4.8.1/avr51\libgcc.a(_copy_data.o)
 .text.libgcc.mul
                0x000012ac        0x0 c:/user files-main/eclipse/avr8-gnu-toolchain/avr8-gnu-toolchain/bin/../lib/gcc/avr/4.8.1/avr51\libgcc.a(_clear_bss.o)
 .text.libgcc.div
                0x000012ac        0x0 c:/user files-main/eclipse/avr8-gnu-toolchain/avr8-gnu-toolchain/bin/../lib/gcc/avr/4.8.1/avr51\libgcc.a(_clear_bss.o)
 .text.libgcc   0x000012ac        0x0 c:/user files-main/eclipse/avr8-gnu-toolchain/avr8-gnu-toolchain/bin/../lib/gcc/avr/4.8.1/avr51\libgcc.a(_clear_bss.o)
 .text.libgcc.prologue
                0x000012ac        0x0 c:/user files-main/eclipse/avr8-gnu-toolchain/avr8-gnu-toolchain/bin/../lib/gcc/avr/4.8.1/avr51\libgcc.a(_clear_bss.o)
 .text.libgcc.builtins
                0x000012ac        0x0 c:/user files-main/eclipse/avr8-gnu-toolchain/avr8-gnu-toolchain/bin/../lib/gcc/avr/4.8.1/avr51\libgcc.a(_clear_bss.o)
 .text.libgcc.fmul
                0x000012ac        0x0 c:/user files-main/eclipse/avr8-gnu-toolchain/avr8-gnu-toolchain/bin/../lib/gcc/avr/4.8.1/avr51\libgcc.a(_clear_bss.o)
 .text.libgcc.fixed
                0x000012ac        0x0 c:/user files-main/eclipse/avr8-gnu-toolchain/avr8-gnu-toolchain/bin/../lib/gcc/avr/4.8.1/avr51\libgcc.a(_clear_bss.o)
 .text.libgcc.mul
                0x000012ac       0x1e c:/user files-main/eclipse/avr8-gnu-toolchain/avr8-gnu-toolchain/bin/../lib/gcc/avr/4.8.1/avr51\libgcc.a(_umulhisi3.o)
                0x000012ac                __umulhisi3
 .text.libgcc.div
                0x000012ca        0x0 c:/user files-main/eclipse/avr8-gnu-toolchain/avr8-gnu-toolchain/bin/../lib/gcc/avr/4.8.1/avr51\libgcc.a(_umulhisi3.o)
 .text.libgcc   0x000012ca        0x0 c:/user files-main/eclipse/avr8-gnu-toolchain/avr8-gnu-toolchain/bin/../lib/gcc/avr/4.8.1/avr51\libgcc.a(_umulhisi3.o)
 .text.libgcc.prologue
                0x000012ca        0x0 c:/user files-main/eclipse/avr8-gnu-toolchain/avr8-gnu-toolchain/bin/../lib/gcc/avr/4.8.1/avr51\libgcc.a(_umulhisi3.o)
 .text.libgcc.builtins
                0x000012ca        0x0 c:/user files-main/eclipse/avr8-gnu-toolchain/avr8-gnu-toolchain/bin/../lib/gcc/avr/4.8.1/avr51\libgcc.a(_umulhisi3.o)
 .text.libgcc.fmul
                0x000012ca        0x0 c:/user files-main/eclipse/avr8-gnu-toolchain/avr8-gnu-toolchain/bin/../lib/gcc/avr/4.8.1/avr51\libgcc.a(_umulhisi3.o)
 .text.libgcc.fixed
                0x000012ca        0x0 c:/user files-main/eclipse/avr8-gnu-toolchain/avr8-gnu-toolchain/bin/../lib/gcc/avr/4.8.1/avr51\libgcc.a(_umulhisi3.o)
 .text.libgcc.mul
                0x000012ca        0x0 c:/user files-main/eclipse/avr8-gnu-toolchain/avr8-gnu-toolchain/bin/../lib/gcc/avr/4.8.1/avr51\libgcc.a(_udivmodhi4.o)
 .text.libgcc.div
                0x000012ca       0x28 c:/user files-main/eclipse/avr8-gnu-toolchain/avr8-gnu-toolchain/bin/../lib/gcc/avr/4.8.1/avr51\libgcc.a(_udivmodhi4.o)
                0x000012ca                __udivmodhi4
 .text.libgcc   0x000012f2        0x0 c:/user files-main/eclipse/avr8-gnu-toolchain/avr8-gnu-toolchain/bin/../lib/gcc/avr/4.8.1/avr51\libgcc.a(_udivmodhi4.o)
 .text.libgcc.prologue
                0x000012f2        0x0 c:/user files-main/eclipse/avr8-gnu-toolchain/avr8-gnu-toolchain/bin/../lib/gcc/avr/4.8.1/avr51\libgcc.a(_udivmodhi4.o)
 .text.libgcc.builtins
                0x000012f2        0x0 c:/user files-main/eclipse/avr8-gnu-toolchain/avr8-gnu-toolchain/bin/../lib/gcc/avr/4.8.1/avr51\libgcc.a(_udivmodhi4.o)
 .text.libgcc.fmul
                0x000012f2        0x0 c:/user files-main/eclipse/avr8-gnu-toolchain/avr8-gnu-toolchain/bin/../lib/gcc/avr/4.8.1/avr51\libgcc.a(_udivmodhi4.o)
 .text.libgcc.fixed
                0x000012f2        0x0 c:/user files-main/eclipse/avr8-gnu-toolchain/avr8-gnu-toolchain/bin/../lib/gcc/avr/4.8.1/avr51\libgcc.a(_udivmodhi4.o)
 .text.avr-libc.fplib
                0x000012f2       0x7a c:/user files-main/eclipse/avr8-gnu-toolchain/avr8-gnu-toolchain/bin/../lib/gcc/avr/4.8.1/../../../../avr/lib/avr51\libm.a(floatsisf.o)
                0x000012f2                __floatunsisf
                0x000012f6                __floatsisf
 .text.avr-libc.fplib
                0x0000136c        0x4 c:/user files-main/eclipse/avr8-gnu-toolchain/avr8-gnu-toolchain/bin/../lib/gcc/avr/4.8.1/../../../../avr/lib/avr51\libm.a(mulsf3.o)
                0x0000136c                __mulsf3
 .text.avr-libc.fplib
                0x00001370       0xc2 c:/user files-main/eclipse/avr8-gnu-toolchain/avr8-gnu-toolchain/bin/../lib/gcc/avr/4.8.1/../../../../avr/lib/avr51\libm.a(mulsf3x.o)
                0x00001384                __mulsf3x
                0x00001388                __mulsf3_pse
 .text.avr-libc.fplib
                0x00001432        0xc c:/user files-main/eclipse/avr8-gnu-toolchain/avr8-gnu-toolchain/bin/../lib/gcc/avr/4.8.1/../../../../avr/lib/avr51\libm.a(fp_inf.o)
                0x00001432                __fp_inf
 .text.avr-libc.fplib
                0x0000143e        0x6 c:/user files-main/eclipse/avr8-gnu-toolchain/avr8-gnu-toolchain/bin/../lib/gcc/avr/4.8.1/../../../../avr/lib/avr51\libm.a(fp_nan.o)
                0x0000143e                __fp_nan
 .text.avr-libc.fplib
                0x00001444        0xe c:/user files-main/eclipse/avr8-gnu-toolchain/avr8-gnu-toolchain/bin/../lib/gcc/avr/4.8.1/../../../../avr/lib/avr51\libm.a(fp_pscA.o)
                0x00001444                __fp_pscA
 .text.avr-libc.fplib
                0x00001452        0xe c:/user files-main/eclipse/avr8-gnu-toolchain/avr8-gnu-toolchain/bin/../lib/gcc/avr/4.8.1/../../../../avr/lib/avr51\libm.a(fp_pscB.o)
                0x00001452                __fp_pscB
 .text.avr-libc.fplib
                0x00001460       0x22 c:/user files-main/eclipse/avr8-gnu-toolchain/avr8-gnu-toolchain/bin/../lib/gcc/avr/4.8.1/../../../../avr/lib/avr51\libm.a(fp_round.o)
                0x00001460                __fp_round
 .text.avr-libc.fplib
                0x00001482       0x44 c:/user files-main/eclipse/avr8-gnu-toolchain/avr8-gnu-toolchain/bin/../lib/gcc/avr/4.8.1/../../../../avr/lib/avr51\libm.a(fp_split3.o)
                0x00001482                __fp_split3
                0x00001492                __fp_splitA
 .text.avr-libc.fplib
                0x000014c6        0xe c:/user files-main/eclipse/avr8-gnu-toolchain/avr8-gnu-toolchain/bin/../lib/gcc/avr/4.8.1/../../../../avr/lib/avr51\libm.a(fp_zero.o)
                0x000014c6                __fp_zero
                0x000014c8                __fp_szero
 .text.avr-libc
                0x000014d4      0x1b0 c:/user files-main/eclipse/avr8-gnu-toolchain/avr8-gnu-toolchain/bin/../lib/gcc/avr/4.8.1/../../../../avr/lib/avr51\libc.a(ftoa_engine.o)
                0x000014d4                __ftoa_engine
 .text.avr-libc
                0x00001684       0x16 c:/user files-main/eclipse/avr8-gnu-toolchain/avr8-gnu-toolchain/bin/../lib/gcc/avr/4.8.1/../../../../avr/lib/avr51\libc.a(strnlen_P.o)
                0x00001684                strnlen_P
 .text.avr-libc
                0x0000169a       0x16 c:/user files-main/eclipse/avr8-gnu-toolchain/avr8-gnu-toolchain/bin/../lib/gcc/avr/4.8.1/../../../../avr/lib/avr51\libc.a(strnlen.o)
                0x0000169a                strnlen
 .text.avr-libc
                0x000016b0       0x64 c:/user files-main/eclipse/avr8-gnu-toolchain/avr8-gnu-toolchain/bin/../lib/gcc/avr/4.8.1/../../../../avr/lib/avr51\libc.a(fputc.o)
                0x000016b0                fputc
 .text.avr-libc
                0x00001714       0x24 c:/user files-main/eclipse/avr8-gnu-toolchain/avr8-gnu-toolchain/bin/../lib/gcc/avr/4.8.1/../../../../avr/lib/avr51\libc.a(printf.o)
                0x00001714                printf
 .text.avr-libc
                0x00001738       0x5a c:/user files-main/eclipse/avr8-gnu-toolchain/avr8-gnu-toolchain/bin/../lib/gcc/avr/4.8.1/../../../../avr/lib/avr51\libc.a(puts.o)
                0x00001738                puts
 .text.avr-libc
                0x00001792       0xbc c:/user files-main/eclipse/avr8-gnu-toolchain/avr8-gnu-toolchain/bin/../lib/gcc/avr/4.8.1/../../../../avr/lib/avr51\libc.a(ultoa_invert.o)
                0x00001792                __ultoa_invert
                0x0000184e                . = ALIGN (0x2)
 *(.fini9)
 .fini9         0x0000184e        0x0 c:/user files-main/eclipse/avr8-gnu-toolchain/avr8-gnu-toolchain/bin/../lib/gcc/avr/4.8.1/avr51\libgcc.a(_exit.o)
                0x0000184e                _exit
                0x0000184e                exit
 *(.fini9)
 *(.fini8)
 *(.fini8)
 *(.fini7)
 *(.fini7)
 *(.fini6)
 *(.fini6)
 *(.fini5)
 *(.fini5)
 *(.fini4)
 *(.fini4)
 *(.fini3)
 *(.fini3)
 *(.fini2)
 *(.fini2)
 *(.fini1)
 *(.fini1)
 *(.fini0)
 .fini0         0x0000184e        0x4 c:/user files-main/eclipse/avr8-gnu-toolchain/avr8-gnu-toolchain/bin/../lib/gcc/avr/4.8.1/avr51\libgcc.a(_exit.o)
 *(.fini0)
                0x00001852                _etext = .

.data           0x00800100      0x140 load address 0x00001852
                0x00800100                PROVIDE (__data_start, .)
 *(.data)
 .data          0x00800100        0x0 c:/user files-main/eclipse/avr8-gnu-toolchain/avr8-gnu-toolchain/bin/../lib/gcc/avr/4.8.1/../../../../avr/lib/avr51/crtm128.o
 .data          0x00800100        0x0 c:/user files-main/eclipse/avr8-gnu-toolchain/avr8-gnu-toolchain/bin/../lib/gcc/avr/4.8.1/../../../../avr/lib/avr51\libprintf_flt.a(vfprintf_flt.o)
 .data          0x00800100        0x0 ./Source/ds18_h/ds18x20.o
 .data          0x00800100        0x0 ./Source/1wire_h/crc8.o
 .data          0x00800100        0x0 ./Source/1wire_h/onewire.o
 .data          0x00800100        0x0 ./Source/main.o
 .data          0x00800100        0x0 ./Source/uart.o
 .data          0x00800100        0x0 c:/user files-main/eclipse/avr8-gnu-toolchain/avr8-gnu-toolchain/bin/../lib/gcc/avr/4.8.1/avr51\libgcc.a(_divmodhi4.o)
 .data          0x00800100        0x0 c:/user files-main/eclipse/avr8-gnu-toolchain/avr8-gnu-toolchain/bin/../lib/gcc/avr/4.8.1/avr51\libgcc.a(_exit.o)
 .data          0x00800100        0x0 c:/user files-main/eclipse/avr8-gnu-toolchain/avr8-gnu-toolchain/bin/../lib/gcc/avr/4.8.1/avr51\libgcc.a(_copy_data.o)
 .data          0x00800100        0x0 c:/user files-main/eclipse/avr8-gnu-toolchain/avr8-gnu-toolchain/bin/../lib/gcc/avr/4.8.1/avr51\libgcc.a(_clear_bss.o)
 .data          0x00800100        0x0 c:/user files-main/eclipse/avr8-gnu-toolchain/avr8-gnu-toolchain/bin/../lib/gcc/avr/4.8.1/avr51\libgcc.a(_umulhisi3.o)
 .data          0x00800100        0x0 c:/user files-main/eclipse/avr8-gnu-toolchain/avr8-gnu-toolchain/bin/../lib/gcc/avr/4.8.1/avr51\libgcc.a(_udivmodhi4.o)
 .data          0x00800100        0x0 c:/user files-main/eclipse/avr8-gnu-toolchain/avr8-gnu-toolchain/bin/../lib/gcc/avr/4.8.1/../../../../avr/lib/avr51\libm.a(floatsisf.o)
 .data          0x00800100        0x0 c:/user files-main/eclipse/avr8-gnu-toolchain/avr8-gnu-toolchain/bin/../lib/gcc/avr/4.8.1/../../../../avr/lib/avr51\libm.a(mulsf3.o)
 .data          0x00800100        0x0 c:/user files-main/eclipse/avr8-gnu-toolchain/avr8-gnu-toolchain/bin/../lib/gcc/avr/4.8.1/../../../../avr/lib/avr51\libm.a(mulsf3x.o)
 .data          0x00800100        0x0 c:/user files-main/eclipse/avr8-gnu-toolchain/avr8-gnu-toolchain/bin/../lib/gcc/avr/4.8.1/../../../../avr/lib/avr51\libm.a(fp_inf.o)
 .data          0x00800100        0x0 c:/user files-main/eclipse/avr8-gnu-toolchain/avr8-gnu-toolchain/bin/../lib/gcc/avr/4.8.1/../../../../avr/lib/avr51\libm.a(fp_nan.o)
 .data          0x00800100        0x0 c:/user files-main/eclipse/avr8-gnu-toolchain/avr8-gnu-toolchain/bin/../lib/gcc/avr/4.8.1/../../../../avr/lib/avr51\libm.a(fp_pscA.o)
 .data          0x00800100        0x0 c:/user files-main/eclipse/avr8-gnu-toolchain/avr8-gnu-toolchain/bin/../lib/gcc/avr/4.8.1/../../../../avr/lib/avr51\libm.a(fp_pscB.o)
 .data          0x00800100        0x0 c:/user files-main/eclipse/avr8-gnu-toolchain/avr8-gnu-toolchain/bin/../lib/gcc/avr/4.8.1/../../../../avr/lib/avr51\libm.a(fp_round.o)
 .data          0x00800100        0x0 c:/user files-main/eclipse/avr8-gnu-toolchain/avr8-gnu-toolchain/bin/../lib/gcc/avr/4.8.1/../../../../avr/lib/avr51\libm.a(fp_split3.o)
 .data          0x00800100        0x0 c:/user files-main/eclipse/avr8-gnu-toolchain/avr8-gnu-toolchain/bin/../lib/gcc/avr/4.8.1/../../../../avr/lib/avr51\libm.a(fp_zero.o)
 .data          0x00800100        0x0 c:/user files-main/eclipse/avr8-gnu-toolchain/avr8-gnu-toolchain/bin/../lib/gcc/avr/4.8.1/../../../../avr/lib/avr51\libc.a(ftoa_engine.o)
 .data          0x00800100        0x0 c:/user files-main/eclipse/avr8-gnu-toolchain/avr8-gnu-toolchain/bin/../lib/gcc/avr/4.8.1/../../../../avr/lib/avr51\libc.a(strnlen_P.o)
 .data          0x00800100        0x0 c:/user files-main/eclipse/avr8-gnu-toolchain/avr8-gnu-toolchain/bin/../lib/gcc/avr/4.8.1/../../../../avr/lib/avr51\libc.a(strnlen.o)
 .data          0x00800100        0x0 c:/user files-main/eclipse/avr8-gnu-toolchain/avr8-gnu-toolchain/bin/../lib/gcc/avr/4.8.1/../../../../avr/lib/avr51\libc.a(fputc.o)
 .data          0x00800100        0x0 c:/user files-main/eclipse/avr8-gnu-toolchain/avr8-gnu-toolchain/bin/../lib/gcc/avr/4.8.1/../../../../avr/lib/avr51\libc.a(iob.o)
 .data          0x00800100        0x0 c:/user files-main/eclipse/avr8-gnu-toolchain/avr8-gnu-toolchain/bin/../lib/gcc/avr/4.8.1/../../../../avr/lib/avr51\libc.a(printf.o)
 .data          0x00800100        0x0 c:/user files-main/eclipse/avr8-gnu-toolchain/avr8-gnu-toolchain/bin/../lib/gcc/avr/4.8.1/../../../../avr/lib/avr51\libc.a(puts.o)
 .data          0x00800100        0x0 c:/user files-main/eclipse/avr8-gnu-toolchain/avr8-gnu-toolchain/bin/../lib/gcc/avr/4.8.1/../../../../avr/lib/avr51\libc.a(ultoa_invert.o)
 *(.data*)
 .data.mystdout
                0x00800100        0xe ./Source/main.o
 *(.rodata)
 *(.rodata*)
 .rodata.str1.1
                0x0080010e      0x132 ./Source/main.o
 *(.gnu.linkonce.d*)
                0x00800240                . = ALIGN (0x2)
                0x00800240                _edata = .
                0x00800240                PROVIDE (__data_end, .)

.bss            0x00800240        0xe
                0x00800240                PROVIDE (__bss_start, .)
 *(.bss)
 .bss           0x00800240        0x0 c:/user files-main/eclipse/avr8-gnu-toolchain/avr8-gnu-toolchain/bin/../lib/gcc/avr/4.8.1/../../../../avr/lib/avr51/crtm128.o
 .bss           0x00800240        0x0 c:/user files-main/eclipse/avr8-gnu-toolchain/avr8-gnu-toolchain/bin/../lib/gcc/avr/4.8.1/../../../../avr/lib/avr51\libprintf_flt.a(vfprintf_flt.o)
 .bss           0x00800240        0x0 ./Source/ds18_h/ds18x20.o
 .bss           0x00800240        0x0 ./Source/1wire_h/crc8.o
 .bss           0x00800240        0x0 ./Source/1wire_h/onewire.o
 .bss           0x00800240        0x0 ./Source/main.o
 .bss           0x00800240        0x0 ./Source/uart.o
 .bss           0x00800240        0x0 c:/user files-main/eclipse/avr8-gnu-toolchain/avr8-gnu-toolchain/bin/../lib/gcc/avr/4.8.1/avr51\libgcc.a(_divmodhi4.o)
 .bss           0x00800240        0x0 c:/user files-main/eclipse/avr8-gnu-toolchain/avr8-gnu-toolchain/bin/../lib/gcc/avr/4.8.1/avr51\libgcc.a(_exit.o)
 .bss           0x00800240        0x0 c:/user files-main/eclipse/avr8-gnu-toolchain/avr8-gnu-toolchain/bin/../lib/gcc/avr/4.8.1/avr51\libgcc.a(_copy_data.o)
 .bss           0x00800240        0x0 c:/user files-main/eclipse/avr8-gnu-toolchain/avr8-gnu-toolchain/bin/../lib/gcc/avr/4.8.1/avr51\libgcc.a(_clear_bss.o)
 .bss           0x00800240        0x0 c:/user files-main/eclipse/avr8-gnu-toolchain/avr8-gnu-toolchain/bin/../lib/gcc/avr/4.8.1/avr51\libgcc.a(_umulhisi3.o)
 .bss           0x00800240        0x0 c:/user files-main/eclipse/avr8-gnu-toolchain/avr8-gnu-toolchain/bin/../lib/gcc/avr/4.8.1/avr51\libgcc.a(_udivmodhi4.o)
 .bss           0x00800240        0x0 c:/user files-main/eclipse/avr8-gnu-toolchain/avr8-gnu-toolchain/bin/../lib/gcc/avr/4.8.1/../../../../avr/lib/avr51\libm.a(floatsisf.o)
 .bss           0x00800240        0x0 c:/user files-main/eclipse/avr8-gnu-toolchain/avr8-gnu-toolchain/bin/../lib/gcc/avr/4.8.1/../../../../avr/lib/avr51\libm.a(mulsf3.o)
 .bss           0x00800240        0x0 c:/user files-main/eclipse/avr8-gnu-toolchain/avr8-gnu-toolchain/bin/../lib/gcc/avr/4.8.1/../../../../avr/lib/avr51\libm.a(mulsf3x.o)
 .bss           0x00800240        0x0 c:/user files-main/eclipse/avr8-gnu-toolchain/avr8-gnu-toolchain/bin/../lib/gcc/avr/4.8.1/../../../../avr/lib/avr51\libm.a(fp_inf.o)
 .bss           0x00800240        0x0 c:/user files-main/eclipse/avr8-gnu-toolchain/avr8-gnu-toolchain/bin/../lib/gcc/avr/4.8.1/../../../../avr/lib/avr51\libm.a(fp_nan.o)
 .bss           0x00800240        0x0 c:/user files-main/eclipse/avr8-gnu-toolchain/avr8-gnu-toolchain/bin/../lib/gcc/avr/4.8.1/../../../../avr/lib/avr51\libm.a(fp_pscA.o)
 .bss           0x00800240        0x0 c:/user files-main/eclipse/avr8-gnu-toolchain/avr8-gnu-toolchain/bin/../lib/gcc/avr/4.8.1/../../../../avr/lib/avr51\libm.a(fp_pscB.o)
 .bss           0x00800240        0x0 c:/user files-main/eclipse/avr8-gnu-toolchain/avr8-gnu-toolchain/bin/../lib/gcc/avr/4.8.1/../../../../avr/lib/avr51\libm.a(fp_round.o)
 .bss           0x00800240        0x0 c:/user files-main/eclipse/avr8-gnu-toolchain/avr8-gnu-toolchain/bin/../lib/gcc/avr/4.8.1/../../../../avr/lib/avr51\libm.a(fp_split3.o)
 .bss           0x00800240        0x0 c:/user files-main/eclipse/avr8-gnu-toolchain/avr8-gnu-toolchain/bin/../lib/gcc/avr/4.8.1/../../../../avr/lib/avr51\libm.a(fp_zero.o)
 .bss           0x00800240        0x0 c:/user files-main/eclipse/avr8-gnu-toolchain/avr8-gnu-toolchain/bin/../lib/gcc/avr/4.8.1/../../../../avr/lib/avr51\libc.a(ftoa_engine.o)
 .bss           0x00800240        0x0 c:/user files-main/eclipse/avr8-gnu-toolchain/avr8-gnu-toolchain/bin/../lib/gcc/avr/4.8.1/../../../../avr/lib/avr51\libc.a(strnlen_P.o)
 .bss           0x00800240        0x0 c:/user files-main/eclipse/avr8-gnu-toolchain/avr8-gnu-toolchain/bin/../lib/gcc/avr/4.8.1/../../../../avr/lib/avr51\libc.a(strnlen.o)
 .bss           0x00800240        0x0 c:/user files-main/eclipse/avr8-gnu-toolchain/avr8-gnu-toolchain/bin/../lib/gcc/avr/4.8.1/../../../../avr/lib/avr51\libc.a(fputc.o)
 .bss           0x00800240        0x0 c:/user files-main/eclipse/avr8-gnu-toolchain/avr8-gnu-toolchain/bin/../lib/gcc/avr/4.8.1/../../../../avr/lib/avr51\libc.a(iob.o)
 .bss           0x00800240        0x0 c:/user files-main/eclipse/avr8-gnu-toolchain/avr8-gnu-toolchain/bin/../lib/gcc/avr/4.8.1/../../../../avr/lib/avr51\libc.a(printf.o)
 .bss           0x00800240        0x0 c:/user files-main/eclipse/avr8-gnu-toolchain/avr8-gnu-toolchain/bin/../lib/gcc/avr/4.8.1/../../../../avr/lib/avr51\libc.a(puts.o)
 .bss           0x00800240        0x0 c:/user files-main/eclipse/avr8-gnu-toolchain/avr8-gnu-toolchain/bin/../lib/gcc/avr/4.8.1/../../../../avr/lib/avr51\libc.a(ultoa_invert.o)
 *(.bss*)
 *(COMMON)
 COMMON         0x00800240        0x8 ./Source/main.o
                0x00800240                gSensorIDs
 COMMON         0x00800248        0x6 c:/user files-main/eclipse/avr8-gnu-toolchain/avr8-gnu-toolchain/bin/../lib/gcc/avr/4.8.1/../../../../avr/lib/avr51\libc.a(iob.o)
                0x00800248                __iob
                0x0080024e                PROVIDE (__bss_end, .)
                0x00001852                __data_load_start = LOADADDR (.data)
                0x00001992                __data_load_end = (__data_load_start + SIZEOF (.data))

.noinit         0x0080024e        0x0
                0x0080024e                PROVIDE (__noinit_start, .)
 *(.noinit*)
                0x0080024e                PROVIDE (__noinit_end, .)
                0x0080024e                _end = .
                0x0080024e                PROVIDE (__heap_start, .)

.eeprom         0x00810000        0x0
 *(.eeprom*)
                0x00810000                __eeprom_end = .

.fuse
 *(.fuse)
 *(.lfuse)
 *(.hfuse)
 *(.efuse)

.lock
 *(.lock*)

.signature
 *(.signature*)

.user_signatures
 *(.user_signatures*)

.stab
 *(.stab)

.stabstr
 *(.stabstr)

.stab.excl
 *(.stab.excl)

.stab.exclstr
 *(.stab.exclstr)

.stab.index
 *(.stab.index)

.stab.indexstr
 *(.stab.indexstr)

.comment        0x00000000       0x5c
 *(.comment)
 .comment       0x00000000       0x2c c:/user files-main/eclipse/avr8-gnu-toolchain/avr8-gnu-toolchain/bin/../lib/gcc/avr/4.8.1/../../../../avr/lib/avr51\libprintf_flt.a(vfprintf_flt.o)
                                 0x2d (size before relaxing)
 .comment       0x0000002c       0x30 ./Source/ds18_h/ds18x20.o
                                 0x31 (size before relaxing)
 .comment       0x00000000       0x31 ./Source/1wire_h/crc8.o
 .comment       0x00000000       0x31 ./Source/1wire_h/onewire.o
 .comment       0x00000000       0x31 ./Source/main.o
 .comment       0x00000000       0x31 ./Source/uart.o
 .comment       0x00000000       0x31 c:/user files-main/eclipse/avr8-gnu-toolchain/avr8-gnu-toolchain/bin/../lib/gcc/avr/4.8.1/../../../../avr/lib/avr51\libc.a(fputc.o)
 .comment       0x00000000       0x31 c:/user files-main/eclipse/avr8-gnu-toolchain/avr8-gnu-toolchain/bin/../lib/gcc/avr/4.8.1/../../../../avr/lib/avr51\libc.a(iob.o)
 .comment       0x00000000       0x31 c:/user files-main/eclipse/avr8-gnu-toolchain/avr8-gnu-toolchain/bin/../lib/gcc/avr/4.8.1/../../../../avr/lib/avr51\libc.a(printf.o)
 .comment       0x00000000       0x31 c:/user files-main/eclipse/avr8-gnu-toolchain/avr8-gnu-toolchain/bin/../lib/gcc/avr/4.8.1/../../../../avr/lib/avr51\libc.a(puts.o)

.note.gnu.build-id
 *(.note.gnu.build-id)

.debug
 *(.debug)

.line
 *(.line)

.debug_srcinfo
 *(.debug_srcinfo)

.debug_sfnames
 *(.debug_sfnames)

.debug_aranges
 *(.debug_aranges)

.debug_pubnames
 *(.debug_pubnames)

.debug_info
 *(.debug_info .gnu.linkonce.wi.*)

.debug_abbrev
 *(.debug_abbrev)

.debug_line
 *(.debug_line .debug_line.* .debug_line_end)

.debug_frame
 *(.debug_frame)

.debug_str
 *(.debug_str)

.debug_loc
 *(.debug_loc)

.debug_macinfo
 *(.debug_macinfo)

.debug_weaknames
 *(.debug_weaknames)

.debug_funcnames
 *(.debug_funcnames)

.debug_typenames
 *(.debug_typenames)

.debug_varnames
 *(.debug_varnames)

.debug_pubtypes
 *(.debug_pubtypes)

.debug_ranges
 *(.debug_ranges)

.debug_macro
 *(.debug_macro)
OUTPUT(CubeSat_termo.elf elf32-avr)
LOAD linker stubs
